// Jest Snapshot v1, https://goo.gl/fbAQLP

exports[`FavoriteButton should render empty favorite button  1`] = `
<View
  accessible={true}
  collapsable={false}
  focusable={true}
  onClick={[Function]}
  onResponderGrant={[Function]}
  onResponderMove={[Function]}
  onResponderRelease={[Function]}
  onResponderTerminate={[Function]}
  onResponderTerminationRequest={[Function]}
  onStartShouldSetResponder={[Function]}
  style={
    Object {
      "opacity": 1,
    }
  }
>
  <FavoriteHeartFullIcon
    fill="#ffffff"
    height={25}
    width={25}
  />
</View>
`;

exports[`FavoriteButton should render filled favorite button  1`] = `
<View
  accessible={true}
  collapsable={false}
  focusable={true}
  onClick={[Function]}
  onResponderGrant={[Function]}
  onResponderMove={[Function]}
  onResponderRelease={[Function]}
  onResponderTerminate={[Function]}
  onResponderTerminationRequest={[Function]}
  onStartShouldSetResponder={[Function]}
  style={
    Object {
      "opacity": 1,
    }
  }
>
  <FavoriteHeartFullIcon
    fill="#ffffff"
    height={25}
    width={25}
  />
</View>
`;
